<?xml version="1.0" encoding="UTF-8"?>
<testsuites>
	<testsuite tests="1" failures="0" time="0.000000" name="_/C_/git-repos/golang-test">
		<properties>
			<property name="go.version" value="go1.14.1 windows/amd64"></property>
		</properties>
		<testcase classname="_/C_/git-repos/golang-test" name="TestSum" time="0.000000"></testcase>
	</testsuite>
</testsuites>